$ <HOME>/.local/share/autonomous-workshop-python/bin/python3.13 <WORKSHOP_RUN>/.agents/skills/image-to-cad/scripts/render_views.py <WORKSHOP_RUN>/artifacts/make/r0001/product/cybercab/cybercab.step.py --match <WORKSHOP_RUN>/artifacts/make/r0001/product/cybercab/ref/side.png --label side --min 0.9 -o <WORKSHOP_RUN>/artifacts/make/r0001/product/cybercab/measure/rounds/r0013/likeness --shaded --json --poses-from <WORKSHOP_RUN>/artifacts/make/r0001/product/cybercab/measure/rounds/r0012/likeness/poses.json
(15.9s, exit 1)
--- stdout
{
  "source": "<WORKSHOP_RUN>/artifacts/make/r0001/product/cybercab/cybercab.step.py",
  "out": "<WORKSHOP_RUN>/artifacts/make/r0001/product/cybercab/measure/rounds/r0013/likeness",
  "poses": {
    "side": {
      "az": 78.125,
      "el": 4.375,
      "roll": 2.0,
      "fov": 0.0
    },
    "reference": {
      "az": -95.625,
      "el": 1.875,
      "roll": 1.0,
      "fov": 0.0
    }
  },
  "views": [
    {
      "label": "side",
      "kind": "replay-match",
      "reference": "<WORKSHOP_RUN>/artifacts/make/r0001/product/cybercab/ref/side.png",
      "iou": 0.818,
      "aspect_delta": 0.9509,
      "poses_tried": 0,
      "ok": false,
      "az": 78.125,
      "el": 4.375,
      "roll": 2.0,
      "fov": 0.0
    },
    {
      "label": "reference",
      "kind": "replay",
      "az": -95.625,
      "el": 1.875,
      "roll": 1.0,
      "fov": 0.0
    }
  ],
  "step_drift": [],
  "mask_contradictions": [],
  "ok": false,
  "tolerance": 0.1,
  "size": 480
}

--- stderr
